../Core/Src/epaper.c:49:6:epd_delay	16	static
../Core/Src/epaper.c:54:6:epd_res_set	8	static
../Core/Src/epaper.c:60:6:epd_res_reset	8	static
../Core/Src/epaper.c:66:6:epd_dc_set	8	static
../Core/Src/epaper.c:72:6:epd_dc_reset	8	static
../Core/Src/epaper.c:78:6:epd_cs_set	8	static
../Core/Src/epaper.c:84:6:epd_cs_reset	8	static
../Core/Src/epaper.c:90:9:epd_is_busy	8	static
../Core/Src/epaper.c:138:6:epd_write_reg	16	static
../Core/Src/epaper.c:157:6:epd_write_data	16	static
../Core/Src/epaper.c:176:6:_epd_write_data	16	static
../Core/Src/epaper.c:188:6:_epd_write_data_over	8	static
../Core/Src/epaper.c:196:9:epd_wait_busy	16	static
../Core/Src/epaper.c:211:6:epd_reset	8	static
../Core/Src/epaper.c:220:9:epd_init	8	static
../Core/Src/epaper.c:307:9:epd_init_partial	8	static
../Core/Src/epaper.c:332:6:epd_enter_deepsleepmode	16	static
../Core/Src/epaper.c:340:9:epd_power_on	8	static
../Core/Src/epaper.c:354:9:epd_power_off	8	static
../Core/Src/epaper.c:363:6:epd_init_internalTempSensor	8	static
../Core/Src/epaper.c:373:6:epd_update	8	static
../Core/Src/epaper.c:391:6:epd_update_partial	8	static
../Core/Src/epaper.c:408:6:epd_address_set	24	static
../Core/Src/epaper.c:421:6:epd_setpos	24	static
../Core/Src/epaper.c:443:6:epd_writedata	24	static
../Core/Src/epaper.c:454:6:epd_writedata2	24	static
../Core/Src/epaper.c:465:6:epd_display	40	static
../Core/Src/epaper.c:502:6:epd_displayBW	24	static
../Core/Src/epaper.c:520:6:epd_displayBW_partial	24	static
../Core/Src/epaper.c:538:6:epd_displayRED	24	static
../Core/Src/epaper.c:558:6:epd_paint_newimage	24	static
../Core/Src/epaper.c:582:6:epd_paint_setpixel	32	static
../Core/Src/epaper.c:619:6:epd_paint_clear	24	static
../Core/Src/epaper.c:634:6:epd_paint_selectimage	16	static
../Core/Src/epaper.c:639:6:epd_paint_drawPoint	16	static
../Core/Src/epaper.c:644:6:epd_paint_drawLine	56	static
../Core/Src/epaper.c:683:6:epd_paint_drawRectangle	40	static
../Core/Src/epaper.c:702:6:epd_paint_drawCircle	32	static
../Core/Src/epaper.c:758:6:epd_paint_showChar	40	static
../Core/Src/epaper.c:809:6:epd_paint_showString	40	static
../Core/Src/epaper.c:831:17:_Pow	24	static
../Core/Src/epaper.c:841:6:epd_paint_showNum	48	static
../Core/Src/epaper.c:860:6:epd_paint_showChinese	40	static
../Core/Src/epaper.c:905:6:epd_paint_showPicture	40	static
