../Core/Src/epaper.c:43:6:epd_delay	16	static
../Core/Src/epaper.c:48:6:epd_res_set	8	static
../Core/Src/epaper.c:53:6:epd_res_reset	8	static
../Core/Src/epaper.c:58:6:epd_dc_set	8	static
../Core/Src/epaper.c:63:6:epd_dc_reset	8	static
../Core/Src/epaper.c:68:6:epd_cs_set	8	static
../Core/Src/epaper.c:73:6:epd_cs_reset	8	static
../Core/Src/epaper.c:78:9:epd_is_busy	8	static
../Core/Src/epaper.c:83:6:epd_write_reg	16	static
../Core/Src/epaper.c:96:6:epd_write_data	16	static
../Core/Src/epaper.c:110:6:_epd_write_data	16	static
../Core/Src/epaper.c:119:6:_epd_write_data_over	8	static
../Core/Src/epaper.c:125:9:epd_wait_busy	16	static
../Core/Src/epaper.c:140:6:epd_reset	8	static
../Core/Src/epaper.c:149:9:epd_init	8	static
../Core/Src/epaper.c:236:9:epd_init_partial	8	static
../Core/Src/epaper.c:261:6:epd_enter_deepsleepmode	16	static
../Core/Src/epaper.c:269:9:epd_power_on	8	static
../Core/Src/epaper.c:283:9:epd_power_off	8	static
../Core/Src/epaper.c:292:6:epd_init_internalTempSensor	8	static
../Core/Src/epaper.c:302:6:epd_update	8	static
../Core/Src/epaper.c:320:6:epd_update_partial	8	static
../Core/Src/epaper.c:337:6:epd_address_set	24	static
../Core/Src/epaper.c:350:6:epd_setpos	24	static
../Core/Src/epaper.c:372:6:epd_writedata	24	static
../Core/Src/epaper.c:383:6:epd_writedata2	24	static
../Core/Src/epaper.c:394:6:epd_display	40	static
../Core/Src/epaper.c:431:6:epd_displayBW	24	static
../Core/Src/epaper.c:449:6:epd_displayBW_partial	24	static
../Core/Src/epaper.c:467:6:epd_displayRED	24	static
../Core/Src/epaper.c:487:6:epd_paint_newimage	24	static
../Core/Src/epaper.c:511:6:epd_paint_setpixel	32	static
../Core/Src/epaper.c:548:6:epd_paint_clear	24	static
../Core/Src/epaper.c:563:6:epd_paint_selectimage	16	static
../Core/Src/epaper.c:568:6:epd_paint_drawPoint	16	static
../Core/Src/epaper.c:573:6:epd_paint_drawLine	56	static
../Core/Src/epaper.c:612:6:epd_paint_drawRectangle	40	static
../Core/Src/epaper.c:631:6:epd_paint_drawCircle	32	static
../Core/Src/epaper.c:687:6:epd_paint_showChar	40	static
../Core/Src/epaper.c:738:6:epd_paint_showString	40	static
../Core/Src/epaper.c:760:17:_Pow	24	static
../Core/Src/epaper.c:770:6:epd_paint_showNum	48	static
../Core/Src/epaper.c:789:6:epd_paint_showChinese	40	static
../Core/Src/epaper.c:834:6:epd_paint_showPicture	40	static
