../Core/Src/epaper.c:43:6:epd_delay	16	static
../Core/Src/epaper.c:48:6:epd_res_set	8	static
../Core/Src/epaper.c:53:6:epd_res_reset	8	static
../Core/Src/epaper.c:58:6:epd_dc_set	8	static
../Core/Src/epaper.c:63:6:epd_dc_reset	8	static
../Core/Src/epaper.c:68:6:epd_cs_set	8	static
../Core/Src/epaper.c:73:6:epd_cs_reset	8	static
../Core/Src/epaper.c:78:9:epd_is_busy	8	static
../Core/Src/epaper.c:125:6:epd_write_reg	16	static
../Core/Src/epaper.c:144:6:epd_write_data	16	static
../Core/Src/epaper.c:163:6:_epd_write_data	16	static
../Core/Src/epaper.c:175:6:_epd_write_data_over	8	static
../Core/Src/epaper.c:183:9:epd_wait_busy	16	static
../Core/Src/epaper.c:198:6:epd_reset	8	static
../Core/Src/epaper.c:207:9:epd_init	8	static
../Core/Src/epaper.c:294:9:epd_init_partial	8	static
../Core/Src/epaper.c:319:6:epd_enter_deepsleepmode	16	static
../Core/Src/epaper.c:327:9:epd_power_on	8	static
../Core/Src/epaper.c:341:9:epd_power_off	8	static
../Core/Src/epaper.c:350:6:epd_init_internalTempSensor	8	static
../Core/Src/epaper.c:360:6:epd_update	8	static
../Core/Src/epaper.c:378:6:epd_update_partial	8	static
../Core/Src/epaper.c:395:6:epd_address_set	24	static
../Core/Src/epaper.c:408:6:epd_setpos	24	static
../Core/Src/epaper.c:430:6:epd_writedata	24	static
../Core/Src/epaper.c:441:6:epd_writedata2	24	static
../Core/Src/epaper.c:452:6:epd_display	40	static
../Core/Src/epaper.c:489:6:epd_displayBW	24	static
../Core/Src/epaper.c:507:6:epd_displayBW_partial	24	static
../Core/Src/epaper.c:525:6:epd_displayRED	24	static
../Core/Src/epaper.c:545:6:epd_paint_newimage	24	static
../Core/Src/epaper.c:569:6:epd_paint_setpixel	32	static
../Core/Src/epaper.c:606:6:epd_paint_clear	24	static
../Core/Src/epaper.c:621:6:epd_paint_selectimage	16	static
../Core/Src/epaper.c:626:6:epd_paint_drawPoint	16	static
../Core/Src/epaper.c:631:6:epd_paint_drawLine	56	static
../Core/Src/epaper.c:670:6:epd_paint_drawRectangle	40	static
../Core/Src/epaper.c:689:6:epd_paint_drawCircle	32	static
../Core/Src/epaper.c:745:6:epd_paint_showChar	40	static
../Core/Src/epaper.c:796:6:epd_paint_showString	40	static
../Core/Src/epaper.c:818:17:_Pow	24	static
../Core/Src/epaper.c:828:6:epd_paint_showNum	48	static
../Core/Src/epaper.c:847:6:epd_paint_showChinese	40	static
../Core/Src/epaper.c:892:6:epd_paint_showPicture	40	static
